Microchip MPLAB XC8 Compiler V2.46

Linker command line:

\
  --edf=C:/Users/akihito/.mchp_packs/Microchip/PIC18F-Q_DFP/1.25.433/xc8\pic\dat\20240223164052_en.msgs \
  -pivt0x8=08h -cn -h+dist/default/production\R1.3Q84.X.production.sym \
  --cmf=dist/default/production\R1.3Q84.X.production.cmf -z -Q18F47Q84 \
  -oC:\Users\akihito\AppData\Local\Temp\xcAsb4c.\driver_tmp_3.o \
  --defsym=__MPLAB_BUILD=1 --fixupoverflow=error \
  -Mdist/default/production/R1.3Q84.X.production.map \
  --md=C:\Users\akihito\AppData\Local\Temp\xcAsb4c.\driver_tmp_0.dat -E1 \
  -ver=XC8 Compiler --acfsm=1493 -ACODE=00h-01FFFFh -ACONST=00h-01FFFFh \
  -ASMALLCONST=03700h-037FFhx457 \
  -AMEDIUMCONST=03700h-0FFFFh,013700h-01FFFFh -ACOMRAM=0501h-055Fh \
  -AABS1=0500h-036FFh -ABIGRAM=0501h-036FFh \
  -ARAM=0560h-05FFh,0600h-06FFhx49 -ABANK5=0560h-05FFh -ABANK6=0600h-06FFh \
  -ABANK7=0700h-07FFh -ABANK8=0800h-08FFh -ABANK9=0900h-09FFh \
  -ABANK10=0A00h-0AFFh -ABANK11=0B00h-0BFFh -ABANK12=0C00h-0CFFh \
  -ABANK13=0D00h-0DFFh -ABANK14=0E00h-0EFFh -ABANK15=0F00h-0FFFh \
  -ABANK16=01000h-010FFh -ABANK17=01100h-011FFh -ABANK18=01200h-012FFh \
  -ABANK19=01300h-013FFh -ABANK20=01400h-014FFh -ABANK21=01500h-015FFh \
  -ABANK22=01600h-016FFh -ABANK23=01700h-017FFh -ABANK24=01800h-018FFh \
  -ABANK25=01900h-019FFh -ABANK26=01A00h-01AFFh -ABANK27=01B00h-01BFFh \
  -ABANK28=01C00h-01CFFh -ABANK29=01D00h-01DFFh -ABANK30=01E00h-01EFFh \
  -ABANK31=01F00h-01FFFh -ABANK32=02000h-020FFh -ABANK33=02100h-021FFh \
  -ABANK34=02200h-022FFh -ABANK35=02300h-023FFh -ABANK36=02400h-024FFh \
  -ABANK37=02500h-025FFh -ABANK38=02600h-026FFh -ABANK39=02700h-027FFh \
  -ABANK40=02800h-028FFh -ABANK41=02900h-029FFh -ABANK42=02A00h-02AFFh \
  -ABANK43=02B00h-02BFFh -ABANK44=02C00h-02CFFh -ABANK45=02D00h-02DFFh \
  -ABANK46=02E00h-02EFFh -ABANK47=02F00h-02FFFh -ABANK48=03000h-030FFh \
  -ABANK49=03100h-031FFh -ABANK50=03200h-032FFh -ABANK51=03300h-033FFh \
  -ABANK52=03400h-034FFh -ABANK53=03500h-035FFh -ABANK54=03600h-036FFh \
  -ASFR=00h-0FFhx4,0400h-045Fh,0460h-04FFh,03700h-037FFhx9 \
  -ABIGSFR=00h-04FFh,03700h-03FFFh -ACONFIG=0300000h-0300023h \
  -AIDLOC=0200000h-020003Fh -AEEDATA=0380000h-03803FFh -peeprom_data=EEDATA \
  -preset_vec=00h -ppowerup=CODE,init -pramtop=03700h \
  -psmallconst=SMALLCONST -pmediumconst=MEDIUMCONST -pconst=CONST \
  -AFARRAM=00h-00h \
  -prdata=COMRAM,nvrram=COMRAM,nvbit=COMRAM,rbss=COMRAM,rbit=COMRAM \
  -pfarbss=FARRAM,fardata=FARRAM,nvFARRAM=FARRAM \
  -pintsave_regs=BIGRAM,bigbss=BIGRAM,bigdata=BIGRAM -pbss=RAM \
  -pidata=CODE,irdata=CODE,ibigdata=CODE,ifardata=CODE -prparam=COMRAM \
  C:\Users\akihito\AppData\Local\Temp\xcAsb4c.\driver_tmp_14.o \
  dist/default/production\R1.3Q84.X.production.o 

Object code version is 3.11

Machine type is 18F47Q84



                Name                               Link     Load   Length Selector   Space Scale
C:\Users\akihito\AppData\Local\Temp\xcAsb4c.\driver_tmp_14.o
                config                           300000   300000       23        0       4
                init                                10A      10A        4        4       0
                reset_vec                             0        0        4        0       0
dist/default/production\R1.3Q84.X.production.o
                config                           300000   300000       23        0       4
                mediumconst                        F730     F730      8D0     7B98       0
                ivt0x8                                8        8      102        4       0
                text140                           1D08C    1D08C       46     7423       0
                text139                           1D588    1D588        2     7423       0
                text138                           19080    19080      1B4     8000       0
                text137                           1D48E    1D48E       22     7423       0
                text136                           1D580    1D580        8     7423       0
                text135                           1CBAA    1CBAA       6A     8000       0
                text134                           1BC50    1BC50       CC     8000       0
                text133                           1C0EE    1C0EE       B8     8000       0
                text132                           1D2BC    1D2BC       38     7423       0
                text131                           1C624    1C624       94     8000       0
                text130                           1CDD0    1CDD0       54     8000       0
                text129                           1D116    1D116       42     7423       0
                text128                           1CC14    1CC14       5E     8000       0
                text127                           1D4CE    1D4CE       18     7423       0
                text126                           1D46C    1D46C       22     7423       0
                text125                           1D388    1D388       2A     7423       0
                text124                           1C852    1C852       84     8000       0
                text123                           1D44A    1D44A       22     7423       0
                text122                           16E4E    16E4E      328     8000       0
                text121                           1D428    1D428       22     7423       0
                text120                           1D044    1D044       46     8000       0
                text119                           1C1A6    1C1A6       B6     8000       0
                text118                           1BEB0    1BEB0       C4     8000       0
                text117                           1D4E6    1D4E6       16     7423       0
                text116                           1BDE6    1BDE6       CA     8000       0
                text115                           1BD1C    1BD1C       CA     8000       0
                text114                           1AC7E    1AC7E      10C     8000       0
                text113                           1B484    1B484       EC     8000       0
                text112                           1D2F4    1D2F4       34     7423       0
                text111                           1D0D2    1D0D2       44     7423       0
                text110                           1C450    1C450       9E     8000       0
                text109                           18CD6    18CD6      1E2     8000       0
                text108                           1600E    1600E      39A     8000       0
                text107                           1C25C    1C25C       AA     8000       0
                text106                           1AE90    1AE90      104     8000       0
                text105                           157F8    157F8      42A     8000       0
                text104                           1D284    1D284       38     7423       0
                text103                           14622    14622      4C0     8000       0
                text102                           1CFFE    1CFFE       46     8000       0
                text101                           1AD8A    1AD8A      106     8000       0
                text100                           1B198    1B198       FE     8000       0
                text99                            184F2    184F2      212     8000       0
                text98                            1CD7A    1CD7A       56     8000       0
                text97                            1CF18    1CF18       50     8000       0
                text96                            1D1D8    1D1D8       3C     7423       0
                text95                            10AC4    10AC4      A66     8000       0
                text94                            1D402    1D402       26     7423       0
                text93                            1BAB6    1BAB6       CE     8000       0
                text92                            193D8    193D8      1A0     8000       0
                text91                            19D4E    19D4E      18A     8000       0
                text90                            12D40    12D40      726     8000       0
                text89                            1CD24    1CD24       56     8000       0
                text88                            1D3DA    1D3DA       28     7423       0
                text87                            1A1DA    1A1DA      174     8000       0
                text86                            16AC8    16AC8      386     8000       0
                text85                            198A8    198A8      18E     8000       0
                text84                            14F9C    14F9C      432     8000       0
                text83                            19BC2    19BC2      18C     8000       0
                text82                            18EB8    18EB8      1C8     8000       0
                text81                            1BB84    1BB84       CC     8000       0
                text80                            15C22    15C22      3EC     8000       0
                text79                            1C7CE    1C7CE       84     8000       0
                text78                            1B096    1B096      102     8000       0
                text77                            13466    13466      720     8000       0
                text76                            1C3AC    1C3AC       A4     8000       0
                text75                            1CB3E    1CB3E       6C     8000       0
                text74                            1D3B2    1D3B2       28     7423       0
                text73                            14136    14136      4EC     8000       0
                text72                            13B86    13B86      5B0     8000       0
                text71                            11DB2    11DB2      80E     8000       0
                text70                            1AF94    1AF94      102     8000       0
                text69                            1A4C0    1A4C0      164     8000       0
                text68                            1C74A    1C74A       84     8000       0
                text67                            1C034    1C034       BA     8000       0
                text66                            1A784    1A784      15E     8000       0
                text65                            1CAC6    1CAC6       78     8000       0
                text64                            1CFB4    1CFB4       4A     8000       0
                text63                            1BF74    1BF74       C0     8000       0
                text62                            1B570    1B570       EA     8000       0
                text61                            1D55A    1D55A       12     7423       0
                text60                            1CF68    1CF68       4C     8000       0
                text59                            1C306    1C306       A6     8000       0
                text58                            1D24C    1D24C       38     7423       0
                text57                            180B8    180B8      21E     8000       0
                text56                            17E96    17E96      222     8000       0
                text55                            1152A    1152A      888     8000       0
                text54                            19716    19716      192     8000       0
                text53                            18AF0    18AF0      1E6     8000       0
                text52                            1D510    1D510       14     7423       0
                text51                            1D548    1D548       12     7423       0
                text50                            1D578    1D578        8     7423       0
                text49                            1D536    1D536       12     7423       0
                text48                            1D35A    1D35A       2E     7423       0
                text47                            1D214    1D214       38     7423       0
                text46                            1C4EE    1C4EE       9C     8000       0
                text45                            1B908    1B908       E0     8000       0
                text44                            1CC72    1CC72       5A     8000       0
                text43                            163A8    163A8      396     8000       0
                text42                            1A624    1A624      160     8000       0
                text41                            153CE    153CE      42A     8000       0
                text40                            1673E    1673E      38A     8000       0
                text39                            1B9E8    1B9E8       CE     8000       0
                text38                            19ED8    19ED8      184     8000       0
                text37                            1C8D6    1C8D6       80     8000       0
                text36                            182D6    182D6      21C     8000       0
                text35                            17462    17462      2D4     8000       0
                text34                            17176    17176      2EC     8000       0
                text33                            188FC    188FC      1F4     8000       0
                text32                            19578    19578      19E     8000       0
                text31                            10000    10000      AC4     8000       0
                text30                            1A05C    1A05C      17E     8000       0
                text29                            19234    19234      1A4     8000       0
                text28                            18704    18704      1F8     8000       0
                text27                            1B740    1B740       E6     8000       0
                text26                            1CA4E    1CA4E       78     8000       0
                text25                            1B390    1B390       F4     8000       0
                text24                            1D4B0    1D4B0       1E     7423       0
                text23                            1B296    1B296       FA     8000       0
                text22                            1CE76    1CE76       52     8000       0
                text21                            179E4    179E4      280     8000       0
                text20                            1A8E2    1A8E2      14E     8000       0
                text19                            1B826    1B826       E2     8000       0
                text18                            17C64    17C64      232     8000       0
                text17                            125C0    125C0      780     8000       0
                text16                            1CEC8    1CEC8       50     8000       0
                text15                            1A34E    1A34E      172     8000       0
                text14                            1D56C    1D56C        C     7423       0
                text13                            1CCCC    1CCCC       58     8000       0
                text12                            19A36    19A36      18C     8000       0
                text11                            1B65A    1B65A       E6     8000       0
                text10                            1C9D2    1C9D2       7C     8000       0
                text9                             1D328    1D328       32     7423       0
                text8                             1AA30    1AA30      138     8000       0
                text7                             14AE2    14AE2      4BA     8000       0
                text6                             1C6B8    1C6B8       92     8000       0
                text5                             1D4FC    1D4FC       14     7423       0
                text4                             1D198    1D198       40     7423       0
                text3                             1CE24    1CE24       52     8000       0
                text2                             1C956    1C956       7C     8000       0
                text1                             1AB68    1AB68      116     8000       0
                text0                             17736    17736      2AE     8000       0
                cstackCOMRAM                        501      501       59      501       1
                cstackBANK5                         560      560       A0      560       1
                cstackBANK6                         600      600       FF      600       1
                cstackBANK7                         785      785       5D      700       1
                bssBIGRAM                           A00      A00      EDA      A00       1
                bssBANK9                            900      900      100      900       1
                dataBANK8                           850      850       40      800       1
                bssBANK8                            800      800       50      800       1
                dataBANK7                           7E2      7E2       12      700       1
                bssBANK7                            700      700       85      700       1
                bssCOMRAM                           55A      55A        3      501       1
                cinit                             1C58A    1C58A       9A     8000       0
                idataBANK8                        1D158    1D158       40     7423       0
                idataBANK7                        1D524    1D524       12     7423       0

TOTAL           Name                               Link     Load   Length     Space
        CLASS   CODE           
                init                                10A      10A        4         0
                reset_vec                             0        0        4         0
                ivt0x8                                8        8      102         0
                text140                           1D08C    1D08C       46         0
                text139                           1D588    1D588        2         0
                text138                           19080    19080      1B4         0
                text137                           1D48E    1D48E       22         0
                text136                           1D580    1D580        8         0
                text135                           1CBAA    1CBAA       6A         0
                text134                           1BC50    1BC50       CC         0
                text133                           1C0EE    1C0EE       B8         0
                text132                           1D2BC    1D2BC       38         0
                text131                           1C624    1C624       94         0
                text130                           1CDD0    1CDD0       54         0
                text129                           1D116    1D116       42         0
                text128                           1CC14    1CC14       5E         0
                text127                           1D4CE    1D4CE       18         0
                text126                           1D46C    1D46C       22         0
                text125                           1D388    1D388       2A         0
                text124                           1C852    1C852       84         0
                text123                           1D44A    1D44A       22         0
                text122                           16E4E    16E4E      328         0
                text121                           1D428    1D428       22         0
                text120                           1D044    1D044       46         0
                text119                           1C1A6    1C1A6       B6         0
                text118                           1BEB0    1BEB0       C4         0
                text117                           1D4E6    1D4E6       16         0
                text116                           1BDE6    1BDE6       CA         0
                text115                           1BD1C    1BD1C       CA         0
                text114                           1AC7E    1AC7E      10C         0
                text113                           1B484    1B484       EC         0
                text112                           1D2F4    1D2F4       34         0
                text111                           1D0D2    1D0D2       44         0
                text110                           1C450    1C450       9E         0
                text109                           18CD6    18CD6      1E2         0
                text108                           1600E    1600E      39A         0
                text107                           1C25C    1C25C       AA         0
                text106                           1AE90    1AE90      104         0
                text105                           157F8    157F8      42A         0
                text104                           1D284    1D284       38         0
                text103                           14622    14622      4C0         0
                text102                           1CFFE    1CFFE       46         0
                text101                           1AD8A    1AD8A      106         0
                text100                           1B198    1B198       FE         0
                text99                            184F2    184F2      212         0
                text98                            1CD7A    1CD7A       56         0
                text97                            1CF18    1CF18       50         0
                text96                            1D1D8    1D1D8       3C         0
                text95                            10AC4    10AC4      A66         0
                text94                            1D402    1D402       26         0
                text93                            1BAB6    1BAB6       CE         0
                text92                            193D8    193D8      1A0         0
                text91                            19D4E    19D4E      18A         0
                text90                            12D40    12D40      726         0
                text89                            1CD24    1CD24       56         0
                text88                            1D3DA    1D3DA       28         0
                text87                            1A1DA    1A1DA      174         0
                text86                            16AC8    16AC8      386         0
                text85                            198A8    198A8      18E         0
                text84                            14F9C    14F9C      432         0
                text83                            19BC2    19BC2      18C         0
                text82                            18EB8    18EB8      1C8         0
                text81                            1BB84    1BB84       CC         0
                text80                            15C22    15C22      3EC         0
                text79                            1C7CE    1C7CE       84         0
                text78                            1B096    1B096      102         0
                text77                            13466    13466      720         0
                text76                            1C3AC    1C3AC       A4         0
                text75                            1CB3E    1CB3E       6C         0
                text74                            1D3B2    1D3B2       28         0
                text73                            14136    14136      4EC         0
                text72                            13B86    13B86      5B0         0
                text71                            11DB2    11DB2      80E         0
                text70                            1AF94    1AF94      102         0
                text69                            1A4C0    1A4C0      164         0
                text68                            1C74A    1C74A       84         0
                text67                            1C034    1C034       BA         0
                text66                            1A784    1A784      15E         0
                text65                            1CAC6    1CAC6       78         0
                text64                            1CFB4    1CFB4       4A         0
                text63                            1BF74    1BF74       C0         0
                text62                            1B570    1B570       EA         0
                text61                            1D55A    1D55A       12         0
                text60                            1CF68    1CF68       4C         0
                text59                            1C306    1C306       A6         0
                text58                            1D24C    1D24C       38         0
                text57                            180B8    180B8      21E         0
                text56                            17E96    17E96      222         0
                text55                            1152A    1152A      888         0
                text54                            19716    19716      192         0
                text53                            18AF0    18AF0      1E6         0
                text52                            1D510    1D510       14         0
                text51                            1D548    1D548       12         0
                text50                            1D578    1D578        8         0
                text49                            1D536    1D536       12         0
                text48                            1D35A    1D35A       2E         0
                text47                            1D214    1D214       38         0
                text46                            1C4EE    1C4EE       9C         0
                text45                            1B908    1B908       E0         0
                text44                            1CC72    1CC72       5A         0
                text43                            163A8    163A8      396         0
                text42                            1A624    1A624      160         0
                text41                            153CE    153CE      42A         0
                text40                            1673E    1673E      38A         0
                text39                            1B9E8    1B9E8       CE         0
                text38                            19ED8    19ED8      184         0
                text37                            1C8D6    1C8D6       80         0
                text36                            182D6    182D6      21C         0
                text35                            17462    17462      2D4         0
                text34                            17176    17176      2EC         0
                text33                            188FC    188FC      1F4         0
                text32                            19578    19578      19E         0
                text31                            10000    10000      AC4         0
                text30                            1A05C    1A05C      17E         0
                text29                            19234    19234      1A4         0
                text28                            18704    18704      1F8         0
                text27                            1B740    1B740       E6         0
                text26                            1CA4E    1CA4E       78         0
                text25                            1B390    1B390       F4         0
                text24                            1D4B0    1D4B0       1E         0
                text23                            1B296    1B296       FA         0
                text22                            1CE76    1CE76       52         0
                text21                            179E4    179E4      280         0
                text20                            1A8E2    1A8E2      14E         0
                text19                            1B826    1B826       E2         0
                text18                            17C64    17C64      232         0
                text17                            125C0    125C0      780         0
                text16                            1CEC8    1CEC8       50         0
                text15                            1A34E    1A34E      172         0
                text14                            1D56C    1D56C        C         0
                text13                            1CCCC    1CCCC       58         0
                text12                            19A36    19A36      18C         0
                text11                            1B65A    1B65A       E6         0
                text10                            1C9D2    1C9D2       7C         0
                text9                             1D328    1D328       32         0
                text8                             1AA30    1AA30      138         0
                text7                             14AE2    14AE2      4BA         0
                text6                             1C6B8    1C6B8       92         0
                text5                             1D4FC    1D4FC       14         0
                text4                             1D198    1D198       40         0
                text3                             1CE24    1CE24       52         0
                text2                             1C956    1C956       7C         0
                text1                             1AB68    1AB68      116         0
                text0                             17736    17736      2AE         0
                cinit                             1C58A    1C58A       9A         0
                idataBANK8                        1D158    1D158       40         0
                idataBANK7                        1D524    1D524       12         0

        CLASS   CONST          

        CLASS   SMALLCONST     

        CLASS   MEDIUMCONST    
                mediumconst                        F730     F730      8D0         0

        CLASS   COMRAM         
                cstackCOMRAM                        501      501       59         1
                bssCOMRAM                           55A      55A        3         1

        CLASS   ABS1           

        CLASS   BIGRAM         
                bssBIGRAM                           A00      A00      EDA         1

        CLASS   RAM            

        CLASS   BANK5          
                cstackBANK5                         560      560       A0         1

        CLASS   BANK6          
                cstackBANK6                         600      600       FF         1

        CLASS   BANK7          
                cstackBANK7                         785      785       5D         1
                dataBANK7                           7E2      7E2       12         1
                bssBANK7                            700      700       85         1

        CLASS   BANK8          
                dataBANK8                           850      850       40         1
                bssBANK8                            800      800       50         1

        CLASS   BANK9          
                bssBANK9                            900      900      100         1

        CLASS   BANK10         

        CLASS   BANK11         

        CLASS   BANK12         

        CLASS   BANK13         

        CLASS   BANK14         

        CLASS   BANK15         

        CLASS   BANK16         

        CLASS   BANK17         

        CLASS   BANK18         

        CLASS   BANK19         

        CLASS   BANK20         

        CLASS   BANK21         

        CLASS   BANK22         

        CLASS   BANK23         

        CLASS   BANK24         

        CLASS   BANK25         

        CLASS   BANK26         

        CLASS   BANK27         

        CLASS   BANK28         

        CLASS   BANK29         

        CLASS   BANK30         

        CLASS   BANK31         

        CLASS   BANK32         

        CLASS   BANK33         

        CLASS   BANK34         

        CLASS   BANK35         

        CLASS   BANK36         

        CLASS   BANK37         

        CLASS   BANK38         

        CLASS   BANK39         

        CLASS   BANK40         

        CLASS   BANK41         

        CLASS   BANK42         

        CLASS   BANK43         

        CLASS   BANK44         

        CLASS   BANK45         

        CLASS   BANK46         

        CLASS   BANK47         

        CLASS   BANK48         

        CLASS   BANK49         

        CLASS   BANK50         

        CLASS   BANK51         

        CLASS   BANK52         

        CLASS   BANK53         

        CLASS   BANK54         

        CLASS   SFR            

        CLASS   BIGSFR         

        CLASS   CONFIG         
                config                           300000   300000       23         4

        CLASS   IDLOC          

        CLASS   EEDATA         

        CLASS   FARRAM         

        CLASS   HEAP           

        CLASS   STACK          



SEGMENTS        Name                           Load    Length   Top    Selector   Space  Class

                reset_vec                      000000  000004  000004         0       0  CODE    
                ivt0x8                         000008  000106  00010E         4       0  CODE    
                cstackCOMRAM                   000501  00005C  00055D       501       1  COMRAM  
                cstackBANK5                    000560  0000A0  000600       560       1  BANK5   
                cstackBANK6                    000600  0000FF  0006FF       600       1  BANK6   
                bssBANK7                       000700  0000F4  0007F4       700       1  BANK7   
                bssBANK8                       000800  000090  000890       800       1  BANK8   
                bssBANK9                       000900  000100  000A00       900       1  BANK9   
                bssBIGRAM                      000A00  000EDA  0018DA       A00       1  BIGRAM  
                mediumconst                    00F730  0008D0  010000      7B98       0  MEDIUMCO
                text31                         010000  00D08A  01D08A      8000       0  CODE    
                text140                        01D08C  0004FE  01D58A      7423       0  CODE    


UNUSED ADDRESS RANGES

        Name                Unused          Largest block    Delta
        BANK24           0018DA-0018FF               26
        BANK25           001900-0019FF              100
        BANK26           001A00-001AFF              100
        BANK27           001B00-001BFF              100
        BANK28           001C00-001CFF              100
        BANK29           001D00-001DFF              100
        BANK30           001E00-001EFF              100
        BANK31           001F00-001FFF              100
        BANK32           002000-0020FF              100
        BANK33           002100-0021FF              100
        BANK34           002200-0022FF              100
        BANK35           002300-0023FF              100
        BANK36           002400-0024FF              100
        BANK37           002500-0025FF              100
        BANK38           002600-0026FF              100
        BANK39           002700-0027FF              100
        BANK40           002800-0028FF              100
        BANK41           002900-0029FF              100
        BANK42           002A00-002AFF              100
        BANK43           002B00-002BFF              100
        BANK44           002C00-002CFF              100
        BANK45           002D00-002DFF              100
        BANK46           002E00-002EFF              100
        BANK47           002F00-002FFF              100
        BANK48           003000-0030FF              100
        BANK49           003100-0031FF              100
        BANK50           003200-0032FF              100
        BANK51           003300-0033FF              100
        BANK52           003400-0034FF              100
        BANK53           003500-0035FF              100
        BANK54           003600-0036FF              100
        BANK6            0006FF-0006FF                1
        BANK7            0007F4-0007FF                C
        BANK8            000890-0008FF               70
        BIGRAM           00055D-00055F                3
                         0006FF-0006FF                1
                         0007F4-0007FF                C
                         000890-0008FF               70
                         0018DA-0036FF             1E26
        BIGSFR           000000-0004FF              500
                         003700-003FFF              900
        CODE             000004-000007                4
                         00010E-00F72F             F622
                         01D08A-01D08B                2
                         01D58A-01FFFF             2A76
        COMRAM           00055D-00055F                3
        CONFIG           300023-300023                1
        CONST            000004-000007                4
                         00010E-00F72F             F622
                         01D08A-01D08B                2
                         01D58A-01FFFF             2A76
        EEDATA           380000-3803FF              400
        IDLOC            200000-20003F               40
        MEDIUMCONST      003700-00F72F             C030
                         01D08A-01D08B                2
                         01D58A-01FFFF             2A76
        RAM              0006FF-0006FF                1
                         0007F4-0007FF                C
                         000890-0008FF               70
                         0018DA-0036FF              100
        SFR              000000-0004FF              100
                         003700-003FFF              100
        SMALLCONST       003700-00F72F              100
                         01D08A-01D08B                2
                         01D58A-01FFFF              100

                                  Symbol Table

?_SDCard_init                             cstackBANK5  0005C3
?_SDCard_read512                          cstackBANK5  0005DC
?_SDCard_write512                         cstackBANK5  0005DC
?___SDCard_command_r1                     cstackCOMRAM 00051B
?___SDCard_crc16                          cstackCOMRAM 000504
?___aldiv                                 cstackCOMRAM 000504
?___almod                                 cstackCOMRAM 000504
?___fladd                                 cstackCOMRAM 000504
?___fldiv                                 cstackCOMRAM 00052B
?___flmul                                 cstackCOMRAM 000512
?___flneg                                 cstackCOMRAM 000504
?___flsub                                 cstackCOMRAM 00052B
?___fltol                                 cstackCOMRAM 000504
?___fpclassifyf                           cstackCOMRAM 000504
?___lldiv                                 cstackCOMRAM 000504
?___lmul                                  cstackCOMRAM 000504
?___wmul                                  cstackCOMRAM 000504
?___xxtofl                                cstackCOMRAM 000504
?_abs                                     cstackCOMRAM 00050E
?_check_fs                                cstackBANK6  000624
?_chk_dsk                                 cstackBANK6  0006B6
?_clst2sect                               cstackCOMRAM 000510
?_create_chain                            cstackBANK6  000645
?_dbc_1st                                 cstackCOMRAM 000504
?_dbc_2nd                                 cstackCOMRAM 000504
?_disk_init                               cstackBANK6  0006BB
?_find_volume                             cstackBANK6  000632
?_floorf                                  cstackCOMRAM 000544
?_get_fat                                 cstackBANK6  000624
?_get_fattime                             cstackCOMRAM 000504
?_get_ldnumber                            cstackCOMRAM 000504
?_getch                                   cstackCOMRAM 000504
?_labs                                    cstackCOMRAM 000504
?_ld_clust                                cstackCOMRAM 00050B
?_ld_dword                                cstackCOMRAM 000504
?_ld_word                                 cstackCOMRAM 000504
?_load_program                            cstackBANK7  000785
?_memcmp                                  cstackCOMRAM 000504
?_open_dskimg                             cstackBANK7  000785
?_printf                                  cstackBANK5  0005AD
?_read_prec_or_width                      cstackCOMRAM 00050A
?_read_sector                             cstackBANK6  000698
?_seek_disk                               cstackBANK6  00068B
?_setup_drive                             cstackCOMRAM 000504
?_sprintf                                 cstackBANK5  0005AD
?_strchr                                  cstackCOMRAM 000504
?_strcmp                                  cstackCOMRAM 000504
?_vfprintf                                cstackBANK5  0005A5
?_write_sector                            cstackBANK6  000698
IVTBASEH                                  (abs)        00045E
IVTBASEL                                  (abs)        00045D
IVTBASEU                                  (abs)        00045F
SDCard_command@argument                   cstackCOMRAM 00052B
SDCard_command@command                    cstackCOMRAM 000533
SDCard_command@length                     cstackCOMRAM 000531
SDCard_command@response_buffer            cstackCOMRAM 00052F
SDCard_command@responsep                  cstackCOMRAM 000538
SDCard_command@result                     cstackCOMRAM 000536
SDCard_command@spi                        cstackCOMRAM 000534
SDCard_crc@buf                            cstackCOMRAM 000504
SDCard_crc@count                          cstackCOMRAM 000506
SDCard_crc@crc                            cstackCOMRAM 00050C
SDCard_crc@endp                           cstackCOMRAM 000508
SDCard_crc@i                              cstackCOMRAM 00050A
SDCard_crc@p                              cstackCOMRAM 00050D
SDCard_end_transaction@spi                cstackCOMRAM 000515
SDCard_init@buf                           cstackBANK5  0005CE
SDCard_init@clock_speed                   cstackBANK5  0005C5
SDCard_init@i                             cstackBANK5  0005CA
SDCard_init@initial_clock_speed           cstackBANK5  0005C3
SDCard_init@spi                           cstackBANK5  0005CC
SDCard_init@timeout                       cstackBANK5  0005C7
SDCard_read512@addr                       cstackBANK5  0005DC
SDCard_read512@buf                        cstackBANK5  0005E2
SDCard_read512@count                      cstackBANK5  0005E4
SDCard_read512@crc                        cstackBANK5  0005F6
SDCard_read512@i                          cstackBANK5  0005EA
SDCard_read512@i_674                      cstackBANK5  0005EC
SDCard_read512@offs                       cstackBANK5  0005E0
SDCard_read512@resp_crc                   cstackBANK5  0005F0
SDCard_read512@response                   cstackBANK5  0005F8
SDCard_read512@result                     cstackBANK5  0005F2
SDCard_read512@retry                      cstackBANK5  0005EE
SDCard_read512@spi                        cstackBANK5  0005F4
SDCard_write512@addr                      cstackBANK5  0005DC
SDCard_write512@buf                       cstackBANK5  0005E2
SDCard_write512@count                     cstackBANK5  0005E4
SDCard_write512@crc                       cstackBANK5  0005F2
SDCard_write512@i                         cstackBANK5  0005EA
SDCard_write512@i_691                     cstackBANK5  0005EC
SDCard_write512@offs                      cstackBANK5  0005E0
SDCard_write512@response                  cstackBANK5  0005F6
SDCard_write512@result                    cstackBANK5  0005F0
SDCard_write512@retry                     cstackBANK5  0005EE
SDCard_write512@spi                       cstackBANK5  0005F4
SPI_SD_begin@ctx                          cstackCOMRAM 000506
SPI_SD_begin@ctx_                         cstackCOMRAM 000504
SPI_SD_begin_transaction@ctx_             cstackCOMRAM 000508
SPI_SD_configure@bit_order                cstackBANK5  0005BF
SPI_SD_configure@clock_speed              cstackBANK5  0005BD
SPI_SD_configure@ctx_                     cstackBANK5  0005BB
SPI_SD_configure@data_mode                cstackBANK5  0005C0
SPI_SD_dummy_clocks@clocks                cstackCOMRAM 000510
SPI_SD_dummy_clocks@ctx_                  cstackCOMRAM 00050E
SPI_SD_dummy_clocks@dummy                 cstackCOMRAM 000514
SPI_SD_dummy_clocks@i                     cstackCOMRAM 000512
SPI_SD_end_transaction@ctx_               cstackCOMRAM 000508
SPI_SD_receive@buf                        cstackCOMRAM 000506
SPI_SD_receive@count                      cstackCOMRAM 000508
SPI_SD_receive@ctx_                       cstackCOMRAM 000504
SPI_SD_receive@i                          cstackCOMRAM 00050D
SPI_SD_receive@i_590                      cstackCOMRAM 00050F
SPI_SD_receive@p                          cstackCOMRAM 000510
SPI_SD_receive@repeat                     cstackCOMRAM 00050C
SPI_SD_receive_byte@ctx_                  cstackCOMRAM 000512
SPI_SD_receive_byte@dummy                 cstackCOMRAM 000514
SPI_SD_select@ctx_                        cstackCOMRAM 000504
SPI_SD_select@select                      cstackCOMRAM 000506
SPI_SD_send@buf                           cstackCOMRAM 000506
SPI_SD_send@count                         cstackCOMRAM 000508
SPI_SD_send@ctx_                          cstackCOMRAM 000504
SPI_SD_send@i                             cstackCOMRAM 00050A
SPI_SD_send@p                             cstackCOMRAM 00050C
URT3Rx_ISR@rx_data                        cstackCOMRAM 000503
_ANSELA                                   (abs)        000400
_ANSELB                                   (abs)        000408
_ANSELC                                   (abs)        000410
_ANSELD                                   (abs)        000418
_ANSELE0                                  (abs)        002100
_ANSELE1                                  (abs)        002101
_ANSELE2                                  (abs)        002102
_CLC3OUT                                  (abs)        0006A2
_CLCIN0PPS                                (abs)        000261
_CLCIN1PPS                                (abs)        000262
_CLCIN4PPS                                (abs)        000265
_CLCIN5PPS                                (abs)        000266
_CLCSELECT                                (abs)        0000D5
_CLCnCON                                  (abs)        0000D6
_CLCnGLS0                                 (abs)        0000DC
_CLCnGLS1                                 (abs)        0000DD
_CLCnGLS2                                 (abs)        0000DE
_CLCnGLS3                                 (abs)        0000DF
_CLCnPOL                                  (abs)        0000D7
_CLCnSEL0                                 (abs)        0000D8
_CLCnSEL1                                 (abs)        0000D9
_CLCnSEL2                                 (abs)        0000DA
_CLCnSEL3                                 (abs)        0000DB
_DbcTbl                                   mediumconst  00F749
_Default_ISR                              text139      01D588
_FatFs                                    bssBANK7     000723
_Fsid                                     bssBANK7     000721
_G3POL                                    (abs)        0006BA
_GIE                                      (abs)        0026B7
_IVTBASE                                  (abs)        00045D
_IVTLOCK                                  (abs)        000459
_IVTLOCKbits                              (abs)        000459
_LATA0                                    (abs)        0025F0
_LATA1                                    (abs)        0025F1
_LATA2                                    (abs)        0025F2
_LATA3                                    (abs)        0025F3
_LATA4                                    (abs)        0025F4
_LATA5                                    (abs)        0025F5
_LATA6                                    (abs)        0025F6
_LATB                                     (abs)        0004BF
_LATC0                                    (abs)        002600
_LATC1                                    (abs)        002601
_LATC2                                    (abs)        002602
_LATC3                                    (abs)        002603
_LATC4                                    (abs)        002604
_LATC5                                    (abs)        002605
_LATC7                                    (abs)        002607
_LATD                                     (abs)        0004C1
_LATE0                                    (abs)        002610
_LATE1                                    (abs)        002611
_LATE2                                    (abs)        002612
_NCO1CLK                                  (abs)        000447
_NCO1EN                                   (abs)        002237
_NCO1INC                                  (abs)        000443
_NCO1OUT                                  (abs)        002235
_NCO1PFM                                  (abs)        002230
_OSCFRQ                                   (abs)        0000B1
_PORTB                                    (abs)        0004CF
_RA5PPS                                   (abs)        000206
_RA6PPS                                   (abs)        000207
_RB0PPS                                   (abs)        000209
_RB1PPS                                   (abs)        00020A
_RC2                                      (abs)        002682
_RC4PPS                                   (abs)        000215
_RC5PPS                                   (abs)        000216
_SDCard_command                           text10       01C9D2
_SDCard_crc                               text124      01C852
_SDCard_end_transaction                   text125      01D388
_SDCard_init                              text7        014AE2
_SDCard_read512                           text86       016AC8
_SDCard_write512                          text84       014F9C
_SLRCONBbits                              (abs)        00040B
_SLRCONCbits                              (abs)        000413
_SPI1BAUD                                 (abs)        000089
_SPI1CLK                                  (abs)        00008C
_SPI1CON0                                 (abs)        000084
_SPI1CON0bits                             (abs)        000084
_SPI1CON1                                 (abs)        000085
_SPI1CON1bits                             (abs)        000085
_SPI1CON2bits                             (abs)        000086
_SPI1INTE                                 (abs)        00008B
_SPI1RXB                                  (abs)        000080
_SPI1RXIF                                 (abs)        002588
_SPI1SCKPPS                               (abs)        00026A
_SPI1SDIPPS                               (abs)        00026B
_SPI1TCNTH                                (abs)        000083
_SPI1TCNTL                                (abs)        000082
_SPI1TWIDTH                               (abs)        000088
_SPI1TXB                                  (abs)        000081
_SPI_SD_begin                             text9        01D328
_SPI_SD_begin_transaction                 text123      01D44A
_SPI_SD_configure                         text8        01AA30
_SPI_SD_ctx                               dataBANK7    0007F2
_SPI_SD_dummy_clocks                      text128      01CC14
_SPI_SD_end_transaction                   text126      01D46C
_SPI_SD_receive                           text122      016E4E
_SPI_SD_receive_byte                      text121      01D428
_SPI_SD_select                            text127      01D4CE
_SPI_SD_send                              text131      01C624
_TRISA0                                   (abs)        002630
_TRISA1                                   (abs)        002631
_TRISA2                                   (abs)        002632
_TRISA3                                   (abs)        002633
_TRISA4                                   (abs)        002634
_TRISA5                                   (abs)        002635
_TRISA6                                   (abs)        002636
_TRISA7                                   (abs)        002637
_TRISB                                    (abs)        0004C7
_TRISB0                                   (abs)        002638
_TRISB1                                   (abs)        002639
_TRISC0                                   (abs)        002640
_TRISC1                                   (abs)        002641
_TRISC2                                   (abs)        002642
_TRISC3                                   (abs)        002643
_TRISC4                                   (abs)        002644
_TRISC5                                   (abs)        002645
_TRISC6                                   (abs)        002646
_TRISC7                                   (abs)        002647
_TRISD                                    (abs)        0004C9
_TRISE0                                   (abs)        002650
_TRISE1                                   (abs)        002651
_TRISE2                                   (abs)        002652
_U3BRG                                    (abs)        0002D4
_U3ON                                     (abs)        001697
_U3RXB                                    (abs)        0002C7
_U3RXEN                                   (abs)        00168C
_U3RXIE                                   (abs)        002538
_U3RXPPS                                  (abs)        000276
_U3TXB                                    (abs)        0002C9
_U3TXEN                                   (abs)        00168D
_U3TXIF                                   (abs)        0025B9
_URT3Rx_ISR                               text140      01D08C
_WPUA0                                    (abs)        002008
_WPUA1                                    (abs)        002009
_WPUA2                                    (abs)        00200A
_WPUA3                                    (abs)        00200B
_WPUA4                                    (abs)        00200C
_WPUA5                                    (abs)        00200D
_WPUB                                     (abs)        000409
_WPUC0                                    (abs)        002088
_WPUC1                                    (abs)        002089
_WPUC2                                    (abs)        00208A
_WPUC3                                    (abs)        00208B
_WPUC4                                    (abs)        00208C
_WPUC5                                    (abs)        00208D
_WPUC7                                    (abs)        00208F
_WPUD                                     (abs)        000419
_WPUE1                                    (abs)        002109
_WPUE2                                    (abs)        00210A
__HRAM                                    (abs)        000000
__H__absolute__                           __absolute__ 000000
__Habs1                                   abs1         000000
__Hbank10                                 bank10       000000
__Hbank11                                 bank11       000000
__Hbank12                                 bank12       000000
__Hbank13                                 bank13       000000
__Hbank14                                 bank14       000000
__Hbank15                                 bank15       000000
__Hbank16                                 bank16       000000
__Hbank17                                 bank17       000000
__Hbank18                                 bank18       000000
__Hbank19                                 bank19       000000
__Hbank20                                 bank20       000000
__Hbank21                                 bank21       000000
__Hbank22                                 bank22       000000
__Hbank23                                 bank23       000000
__Hbank24                                 bank24       000000
__Hbank25                                 bank25       000000
__Hbank26                                 bank26       000000
__Hbank27                                 bank27       000000
__Hbank28                                 bank28       000000
__Hbank29                                 bank29       000000
__Hbank30                                 bank30       000000
__Hbank31                                 bank31       000000
__Hbank32                                 bank32       000000
__Hbank33                                 bank33       000000
__Hbank34                                 bank34       000000
__Hbank35                                 bank35       000000
__Hbank36                                 bank36       000000
__Hbank37                                 bank37       000000
__Hbank38                                 bank38       000000
__Hbank39                                 bank39       000000
__Hbank40                                 bank40       000000
__Hbank41                                 bank41       000000
__Hbank42                                 bank42       000000
__Hbank43                                 bank43       000000
__Hbank44                                 bank44       000000
__Hbank45                                 bank45       000000
__Hbank46                                 bank46       000000
__Hbank47                                 bank47       000000
__Hbank48                                 bank48       000000
__Hbank49                                 bank49       000000
__Hbank5                                  bank5        000000
__Hbank50                                 bank50       000000
__Hbank51                                 bank51       000000
__Hbank52                                 bank52       000000
__Hbank53                                 bank53       000000
__Hbank54                                 bank54       000000
__Hbank6                                  bank6        000000
__Hbank7                                  bank7        000000
__Hbank8                                  bank8        000000
__Hbank9                                  bank9        000000
__Hbigbss                                 bigbss       000000
__Hbigdata                                bigdata      000000
__Hbigram                                 bigram       000000
__Hbigsfr                                 bigsfr       000000
__Hbss                                    bss          000000
__HbssBANK7                               bssBANK7     000000
__HbssBANK8                               bssBANK8     000000
__HbssBANK9                               bssBANK9     000000
__HbssBIGRAM                              bssBIGRAM    000000
__HbssCOMRAM                              bssCOMRAM    000000
__Hcinit                                  cinit        000000
__Hclrtext                                clrtext      000000
__Hcomram                                 comram       000000
__Hconfig                                 config       300023
__Hconst                                  const        000000
__HcstackBANK5                            cstackBANK5  000000
__HcstackBANK6                            cstackBANK6  000000
__HcstackBANK7                            cstackBANK7  000000
__HcstackCOMRAM                           cstackCOMRAM 000000
__Hdata                                   data         000000
__HdataBANK7                              dataBANK7    000000
__HdataBANK8                              dataBANK8    000000
__Heeprom_data                            eeprom_data  000000
__Hfarbss                                 farbss       000000
__Hfardata                                fardata      000000
__Hheap                                   heap         000000
__Hibigdata                               ibigdata     000000
__Hidata                                  idata        000000
__HidataBANK7                             idataBANK7   000000
__HidataBANK8                             idataBANK8   000000
__Hidloc                                  idloc        000000
__Hifardata                               ifardata     000000
__Hinit                                   init         00010E
__Hintsave_regs                           intsave_regs 000000
__Hirdata                                 irdata       000000
__Hivt0x8                                 ivt0x8       00010A
__Hmediumconst                            mediumconst  010000
__HnvFARRAM                               nvFARRAM     000000
__Hnvbit                                  nvbit        000000
__Hnvrram                                 nvrram       000000
__Hparam                                  rparam       000000
__Hpowerup                                powerup      000000
__Hram                                    ram          000000
__Hramtop                                 ramtop       003700
__Hrbit                                   rbit         000000
__Hrbss                                   rbss         000000
__Hrdata                                  rdata        000000
__Hreset_vec                              reset_vec    000004
__Hrparam                                 rparam       000000
__Hsfr                                    sfr          000000
__Hsmallconst                             smallconst   000000
__Hspace_0                                (abs)        01D58A
__Hspace_1                                (abs)        0018DA
__Hspace_2                                (abs)        000000
__Hspace_4                                (abs)        600023
__Hstack                                  stack        000000
__Hstruct                                 struct       000000
__Htemp                                   temp         000000
__Htext                                   text         000000
__Htext0                                  text0        000000
__Htext1                                  text1        000000
__Htext10                                 text10       000000
__Htext100                                text100      000000
__Htext101                                text101      000000
__Htext102                                text102      000000
__Htext103                                text103      000000
__Htext104                                text104      000000
__Htext105                                text105      000000
__Htext106                                text106      000000
__Htext107                                text107      000000
__Htext108                                text108      000000
__Htext109                                text109      000000
__Htext11                                 text11       000000
__Htext110                                text110      000000
__Htext111                                text111      000000
__Htext112                                text112      000000
__Htext113                                text113      000000
__Htext114                                text114      000000
__Htext115                                text115      000000
__Htext116                                text116      000000
__Htext117                                text117      000000
__Htext118                                text118      000000
__Htext119                                text119      000000
__Htext12                                 text12       000000
__Htext120                                text120      000000
__Htext121                                text121      000000
__Htext122                                text122      000000
__Htext123                                text123      000000
__Htext124                                text124      000000
__Htext125                                text125      000000
__Htext126                                text126      000000
__Htext127                                text127      000000
__Htext128                                text128      000000
__Htext129                                text129      000000
__Htext13                                 text13       000000
__Htext130                                text130      000000
__Htext131                                text131      000000
__Htext132                                text132      000000
__Htext133                                text133      000000
__Htext134                                text134      000000
__Htext135                                text135      000000
__Htext136                                text136      000000
__Htext137                                text137      000000
__Htext138                                text138      000000
__Htext139                                text139      000000
__Htext14                                 text14       000000
__Htext140                                text140      000000
__Htext15                                 text15       000000
__Htext16                                 text16       000000
__Htext17                                 text17       000000
__Htext18                                 text18       000000
__Htext19                                 text19       000000
__Htext2                                  text2        000000
__Htext20                                 text20       000000
__Htext21                                 text21       000000
__Htext22                                 text22       000000
__Htext23                                 text23       000000
__Htext24                                 text24       000000
__Htext25                                 text25       000000
__Htext26                                 text26       000000
__Htext27                                 text27       000000
__Htext28                                 text28       000000
__Htext29                                 text29       000000
__Htext3                                  text3        000000
__Htext30                                 text30       000000
__Htext31                                 text31       000000
__Htext32                                 text32       000000
__Htext33                                 text33       000000
__Htext34                                 text34       000000
__Htext35                                 text35       000000
__Htext36                                 text36       000000
__Htext37                                 text37       000000
__Htext38                                 text38       000000
__Htext39                                 text39       000000
__Htext4                                  text4        000000
__Htext40                                 text40       000000
__Htext41                                 text41       000000
__Htext42                                 text42       000000
__Htext43                                 text43       000000
__Htext44                                 text44       000000
__Htext45                                 text45       000000
__Htext46                                 text46       000000
__Htext47                                 text47       000000
__Htext48                                 text48       000000
__Htext49                                 text49       000000
__Htext5                                  text5        000000
__Htext50                                 text50       000000
__Htext51                                 text51       000000
__Htext52                                 text52       000000
__Htext53                                 text53       000000
__Htext54                                 text54       000000
__Htext55                                 text55       000000
__Htext56                                 text56       000000
__Htext57                                 text57       000000
__Htext58                                 text58       000000
__Htext59                                 text59       000000
__Htext6                                  text6        000000
__Htext60                                 text60       000000
__Htext61                                 text61       000000
__Htext62                                 text62       000000
__Htext63                                 text63       000000
__Htext64                                 text64       000000
__Htext65                                 text65       000000
__Htext66                                 text66       000000
__Htext67                                 text67       000000
__Htext68                                 text68       000000
__Htext69                                 text69       000000
__Htext7                                  text7        000000
__Htext70                                 text70       000000
__Htext71                                 text71       000000
__Htext72                                 text72       000000
__Htext73                                 text73       000000
__Htext74                                 text74       000000
__Htext75                                 text75       000000
__Htext76                                 text76       000000
__Htext77                                 text77       000000
__Htext78                                 text78       000000
__Htext79                                 text79       000000
__Htext8                                  text8        000000
__Htext80                                 text80       000000
__Htext81                                 text81       000000
__Htext82                                 text82       000000
__Htext83                                 text83       000000
__Htext84                                 text84       000000
__Htext85                                 text85       000000
__Htext86                                 text86       000000
__Htext87                                 text87       000000
__Htext88                                 text88       000000
__Htext89                                 text89       000000
__Htext9                                  text9        000000
__Htext90                                 text90       000000
__Htext91                                 text91       000000
__Htext92                                 text92       000000
__Htext93                                 text93       000000
__Htext94                                 text94       000000
__Htext95                                 text95       000000
__Htext96                                 text96       000000
__Htext97                                 text97       000000
__Htext98                                 text98       000000
__Htext99                                 text99       000000
__LRAM                                    (abs)        000001
__L__absolute__                           __absolute__ 000000
__Labs1                                   abs1         000000
__Lbank10                                 bank10       000000
__Lbank11                                 bank11       000000
__Lbank12                                 bank12       000000
__Lbank13                                 bank13       000000
__Lbank14                                 bank14       000000
__Lbank15                                 bank15       000000
__Lbank16                                 bank16       000000
__Lbank17                                 bank17       000000
__Lbank18                                 bank18       000000
__Lbank19                                 bank19       000000
__Lbank20                                 bank20       000000
__Lbank21                                 bank21       000000
__Lbank22                                 bank22       000000
__Lbank23                                 bank23       000000
__Lbank24                                 bank24       000000
__Lbank25                                 bank25       000000
__Lbank26                                 bank26       000000
__Lbank27                                 bank27       000000
__Lbank28                                 bank28       000000
__Lbank29                                 bank29       000000
__Lbank30                                 bank30       000000
__Lbank31                                 bank31       000000
__Lbank32                                 bank32       000000
__Lbank33                                 bank33       000000
__Lbank34                                 bank34       000000
__Lbank35                                 bank35       000000
__Lbank36                                 bank36       000000
__Lbank37                                 bank37       000000
__Lbank38                                 bank38       000000
__Lbank39                                 bank39       000000
__Lbank40                                 bank40       000000
__Lbank41                                 bank41       000000
__Lbank42                                 bank42       000000
__Lbank43                                 bank43       000000
__Lbank44                                 bank44       000000
__Lbank45                                 bank45       000000
__Lbank46                                 bank46       000000
__Lbank47                                 bank47       000000
__Lbank48                                 bank48       000000
__Lbank49                                 bank49       000000
__Lbank5                                  bank5        000000
__Lbank50                                 bank50       000000
__Lbank51                                 bank51       000000
__Lbank52                                 bank52       000000
__Lbank53                                 bank53       000000
__Lbank54                                 bank54       000000
__Lbank6                                  bank6        000000
__Lbank7                                  bank7        000000
__Lbank8                                  bank8        000000
__Lbank9                                  bank9        000000
__Lbigbss                                 bigbss       000000
__Lbigdata                                bigdata      000000
__Lbigram                                 bigram       000000
__Lbigsfr                                 bigsfr       000000
__Lbss                                    bss          000000
__LbssBANK7                               bssBANK7     000000
__LbssBANK8                               bssBANK8     000000
__LbssBANK9                               bssBANK9     000000
__LbssBIGRAM                              bssBIGRAM    000000
__LbssCOMRAM                              bssCOMRAM    000000
__Lcinit                                  cinit        000000
__Lclrtext                                clrtext      000000
__Lcomram                                 comram       000000
__Lconfig                                 config       000000
__Lconst                                  const        000000
__LcstackBANK5                            cstackBANK5  000000
__LcstackBANK6                            cstackBANK6  000000
__LcstackBANK7                            cstackBANK7  000000
__LcstackCOMRAM                           cstackCOMRAM 000000
__Ldata                                   data         000000
__LdataBANK7                              dataBANK7    000000
__LdataBANK8                              dataBANK8    000000
__Leeprom_data                            eeprom_data  000000
__Lfarbss                                 farbss       000000
__Lfardata                                fardata      000000
__Lheap                                   heap         000000
__Libigdata                               ibigdata     000000
__Lidata                                  idata        000000
__LidataBANK7                             idataBANK7   000000
__LidataBANK8                             idataBANK8   000000
__Lidloc                                  idloc        000000
__Lifardata                               ifardata     000000
__Linit                                   init         00010A
__Lintsave_regs                           intsave_regs 000000
__Lirdata                                 irdata       000000
__Livt0x8                                 ivt0x8       000008
__Lmediumconst                            mediumconst  00F730
__LnvFARRAM                               nvFARRAM     000000
__Lnvbit                                  nvbit        000000
__Lnvrram                                 nvrram       000000
__Lparam                                  rparam       000000
__Lpowerup                                powerup      000000
__Lram                                    ram          000000
__Lramtop                                 ramtop       003700
__Lrbit                                   rbit         000000
__Lrbss                                   rbss         000000
__Lrdata                                  rdata        000000
__Lreset_vec                              reset_vec    000000
__Lrparam                                 rparam       000000
__Lsfr                                    sfr          000000
__Lsmallconst                             smallconst   000000
__Lspace_0                                (abs)        000000
__Lspace_1                                (abs)        000000
__Lspace_2                                (abs)        000000
__Lspace_4                                (abs)        000000
__Lstack                                  stack        000000
__Lstruct                                 struct       000000
__Ltemp                                   temp         000000
__Ltext                                   text         000000
__Ltext0                                  text0        000000
__Ltext1                                  text1        000000
__Ltext10                                 text10       000000
__Ltext100                                text100      000000
__Ltext101                                text101      000000
__Ltext102                                text102      000000
__Ltext103                                text103      000000
__Ltext104                                text104      000000
__Ltext105                                text105      000000
__Ltext106                                text106      000000
__Ltext107                                text107      000000
__Ltext108                                text108      000000
[...]
put_fat@p                                 cstackBANK6  000640
put_fat@res                               cstackBANK6  000644
put_fat@val                               cstackBANK6  00062A
putch@c                                   cstackCOMRAM 000504
read_prec_or_width@ap                     cstackCOMRAM 00050C
read_prec_or_width@c                      cstackCOMRAM 000510
read_prec_or_width@fmt                    cstackCOMRAM 00050A
read_prec_or_width@n                      cstackCOMRAM 000511
read_sector@filep                         cstackBANK6  00069D
read_sector@fres                          cstackBANK6  00069F
read_sector@n                             cstackBANK6  0006A0
read_sram@ab                              cstackCOMRAM 00050F
read_sram@addr                            cstackCOMRAM 000504
read_sram@buf                             cstackCOMRAM 000508
read_sram@i                               cstackCOMRAM 00050D
read_sram@len                             cstackCOMRAM 00050A
release_bus@ctx                           cstackCOMRAM 000506
release_bus@ctx_                          cstackCOMRAM 000504
remove_chain@clst                         cstackBANK6  000647
remove_chain@fs                           cstackBANK6  00065C
remove_chain@nxt                          cstackBANK6  000657
remove_chain@obj                          cstackBANK6  000645
remove_chain@pclst                        cstackBANK6  00064B
remove_chain@res                          cstackBANK6  00065B
seek_disk@filep                           cstackBANK6  000695
seek_disk@fres                            cstackBANK6  000697
seek_disk@sector                          cstackBANK6  000691
setup_cpm@buf                             cstackBANK7  0007B8
setup_cpm@flg                             cstackBANK7  0007D6
setup_sd@retry                            bssBANK7     000727
sprintf@ap                                cstackBANK5  0005B5
sprintf@f                                 cstackBANK5  0005B7
sprintf@fmt                               cstackBANK5  0005AF
sprintf@s                                 cstackBANK5  0005AD
st_clust@cl                               cstackCOMRAM 00050C
st_clust@dir                              cstackCOMRAM 00050A
st_clust@fs                               cstackCOMRAM 000508
st_dword@ptr                              cstackCOMRAM 000504
st_dword@val                              cstackCOMRAM 000506
st_word@ptr                               cstackCOMRAM 000504
st_word@val                               cstackCOMRAM 000506
stackhi                                   (abs)        000000
stacklo                                   (abs)        000000
start                                     init         00010A
start_initialization                      cinit        01C58A
stoa@cp                                   cstackCOMRAM 000518
stoa@fp                                   cstackCOMRAM 00050E
stoa@l                                    cstackCOMRAM 00051A
stoa@p                                    cstackCOMRAM 000514
stoa@s                                    cstackCOMRAM 000510
stoa@w                                    cstackCOMRAM 000516
strchr@c                                  cstackCOMRAM 000506
strchr@s                                  cstackCOMRAM 000504
strcmp@l                                  cstackCOMRAM 000504
strcmp@r                                  cstackCOMRAM 000506
strcpy@d                                  cstackCOMRAM 000508
strcpy@dest                               cstackCOMRAM 000504
strcpy@src                                cstackCOMRAM 000506
sync_fs@fs                                cstackBANK6  000619
sync_fs@res                               cstackBANK6  000623
sync_window@fs                            cstackBANK6  000607
sync_window@res                           cstackBANK5  0005FF
unimon_console@buf                        cstackBANK5  0005BB
unimon_console@cnt                        cstackBANK5  0005BD
util_addrdump@addr                        cstackBANK5  0005C1
util_addrdump@addr_offs                   cstackBANK5  0005BD
util_addrdump@buf                         cstackBANK5  0005D8
util_addrdump@chars                       cstackBANK5  0005C7
util_addrdump@header                      cstackBANK5  0005BB
util_addrdump@i                           cstackBANK5  0005DA
util_addrdump@size                        cstackBANK5  0005C3
util_hexdump@addr                         cstackBANK5  0005BD
util_hexdump@buf                          cstackBANK5  0005D4
util_hexdump@chars                        cstackBANK5  0005C3
util_hexdump@header                       cstackBANK5  0005BB
util_hexdump@i                            cstackBANK5  0005D6
util_hexdump@size                         cstackBANK5  0005BF
util_hexdump_sum@addr                     cstackBANK5  0005DA
util_hexdump_sum@header                   cstackBANK5  0005D8
util_hexdump_sum@i                        cstackBANK5  0005E0
util_hexdump_sum@p                        cstackBANK5  0005DE
util_hexdump_sum@size                     cstackBANK5  0005DC
util_hexdump_sum@sum                      cstackBANK5  0005E2
validate@obj                              cstackBANK5  0005BC
validate@res                              cstackBANK5  0005C6
validate@rfs                              cstackBANK5  0005BE
vfpfcnvrt@ap                              cstackBANK5  000597
vfpfcnvrt@c                               cstackBANK5  0005A2
vfpfcnvrt@convarg                         cstackBANK5  00059E
vfpfcnvrt@cp                              cstackBANK5  0005A3
vfpfcnvrt@done                            cstackBANK5  00059D
vfpfcnvrt@fmt                             cstackBANK5  000595
vfpfcnvrt@fp                              cstackBANK5  000593
vfprintf@ap                               cstackBANK5  0005A9
vfprintf@cfmt                             cstackBANK5  0005AB
vfprintf@fmt                              cstackBANK5  0005A7
vfprintf@fp                               cstackBANK5  0005A5
write_sector@filep                        cstackBANK6  00069D
write_sector@fres                         cstackBANK6  00069F
write_sector@n                            cstackBANK6  0006A0
write_sram@ab                             cstackCOMRAM 00050F
write_sram@addr                           cstackCOMRAM 000504
write_sram@buf                            cstackCOMRAM 000508
write_sram@i                              cstackCOMRAM 00050D
write_sram@len                            cstackCOMRAM 00050A
xtoa@a                                    cstackCOMRAM 000529
xtoa@c                                    cstackCOMRAM 000530
xtoa@d                                    cstackCOMRAM 000520
xtoa@fp                                   cstackCOMRAM 00051E
xtoa@i                                    cstackCOMRAM 000531
xtoa@p                                    cstackCOMRAM 00052C
xtoa@w                                    cstackCOMRAM 00052E
xtoa@x                                    cstackCOMRAM 000524


MODULE INFORMATION

Module		Function		Class		Link	Load	Size
C:\Program Files\Microchip\xc8\v2.46\pic\sources\c99\common\fltol.c
		___fltol       		CODE           	1AD8A	0000	262

C:\Program Files\Microchip\xc8\v2.46\pic\sources\c99\common\fltol.c estimated size: 262

C:\Program Files\Microchip\xc8\v2.46\pic\sources\c99\common\printf.c
		_printf        		CODE           	1D3DA	0000	40

C:\Program Files\Microchip\xc8\v2.46\pic\sources\c99\common\printf.c estimated size: 40

../src/boards/m68k8_bd.c
		_board_event_loop		CODE           	1D35A	0000	46
		_sys_init      		CODE           	1AB68	0000	278
		_bus_hold_req  		CODE           	1D48E	0000	34
		_reset_BR_pin  		CODE           	1D548	0000	18
		_start_M68K    		CODE           	1D198	0000	64
		_set_BR_pin    		CODE           	1D536	0000	18
		_setup_sd      		CODE           	1C6B8	0000	146
		_bus_release_req		CODE           	1D510	0000	20
		_reset_ioreq   		CODE           	1D578	0000	8

../src/boards/m68k8_bd.c estimated size: 632

../drivers/diskio.c
		_get_fattime   		CODE           	1D55A	0000	18
		_disk_initialize		CODE           	17462	0000	724
		_disk_write    		CODE           	19BC2	0000	396
		_disk_status   		CODE           	1C7CE	0000	132
		_disk_ioctl    		CODE           	1C306	0000	166
		_disk_read     		CODE           	198A8	0000	398

../drivers/diskio.c estimated size: 1834

C:\Program Files\Microchip\xc8\v2.46\pic\sources\c99\common\floorf.c
		_floorf        		CODE           	184F2	0000	530

C:\Program Files\Microchip\xc8\v2.46\pic\sources\c99\common\floorf.c estimated size: 530

C:\Program Files\Microchip\xc8\v2.46\pic\sources\c99\common\nf_fputc.c
		_fputc         		CODE           	1BDE6	0000	202

C:\Program Files\Microchip\xc8\v2.46\pic\sources\c99\common\nf_fputc.c estimated size: 202

../src/boards/../../drivers/SDCard.c
		_SDCard_crc    		CODE           	1C852	0000	132
		___SDCard_crc16		CODE           	1BEB0	0000	196
		_SDCard_init   		CODE           	14AE2	0000	1210
		_SDCard_read512		CODE           	16AC8	0000	902
		_SDCard_command		CODE           	1C9D2	0000	124
		_SDCard_write512		CODE           	14F9C	0000	1074
		_SDCard_end_transaction		CODE           	1D388	0000	42
		___SDCard_wait_response		CODE           	1D044	0000	70
		___SDCard_command_r1		CODE           	1C1A6	0000	182

../src/boards/../../drivers/SDCard.c estimated size: 3932

../src/io_cpm.c
		_seek_disk     		CODE           	1AF94	0000	258
		_unimon_console		CODE           	1B570	0000	234
		_cpmio_init    		CODE           	1D56C	0000	12
		_setup_drive   		CODE           	1CAC6	0000	120
		_dsk_err       		CODE           	1D580	0000	8
		_write_sector  		CODE           	19716	0000	402
		_read_sector   		CODE           	1A784	0000	350
		_bus_master_operation		CODE           	18AF0	0000	486

../src/io_cpm.c estimated size: 1870

../src/boards/../../drivers/pic18f57q43_spi.c
		_SPI_SD_send   		CODE           	1C624	0000	148
		_SPI_SD_begin  		CODE           	1D328	0000	50
		_SPI_SD_select 		CODE           	1D4CE	0000	24
		_SPI_SD_configure		CODE           	1AA30	0000	312
		_SPI_SD_receive_byte		CODE           	1D428	0000	34
		_SPI_SD_receive		CODE           	16E4E	0000	808
		_SPI_SD_end_transaction		CODE           	1D46C	0000	34
		_SPI_SD_dummy_clocks		CODE           	1CC14	0000	94
		_release_bus   		CODE           	1D116	0000	66
		_SPI_SD_begin_transaction		CODE           	1D44A	0000	34
		_acquire_bus   		CODE           	1CDD0	0000	84

../src/boards/../../drivers/pic18f57q43_spi.c estimated size: 1688

C:\Program Files\Microchip\xc8\v2.46\pic\sources\c99\common\xxtofl.c
		___xxtofl      		CODE           	19080	0000	436

C:\Program Files\Microchip\xc8\v2.46\pic\sources\c99\common\xxtofl.c estimated size: 436

C:\Program Files\Microchip\xc8\v2.46\pic\sources\c99\common\aldiv.c
		___aldiv       		CODE           	1AC7E	0000	268

C:\Program Files\Microchip\xc8\v2.46\pic\sources\c99\common\aldiv.c estimated size: 268

C:\Program Files\Microchip\xc8\v2.46\pic\sources\c99\common\flneg.c
		___flneg       		CODE           	1D284	0000	56

C:\Program Files\Microchip\xc8\v2.46\pic\sources\c99\common\flneg.c estimated size: 56

C:\Program Files\Microchip\xc8\v2.46\pic\sources\c99\common\strcmp.c
		_strcmp        		CODE           	1CA4E	0000	120

C:\Program Files\Microchip\xc8\v2.46\pic\sources\c99\common\strcmp.c estimated size: 120

C:\Program Files\Microchip\xc8\v2.46\pic\sources\c99\common\__fpclassifyf.c
		___fpclassifyf 		CODE           	1B198	0000	254

C:\Program Files\Microchip\xc8\v2.46\pic\sources\c99\common\__fpclassifyf.c estimated size: 254

C:\Program Files\Microchip\xc8\v2.46\pic\sources\c99\common\strchr.c
		_strchr        		CODE           	1CC72	0000	90

C:\Program Files\Microchip\xc8\v2.46\pic\sources\c99\common\strchr.c estimated size: 90

C:\Program Files\Microchip\xc8\v2.46\pic\sources\c99\common\sprcmul.c
		___flmul       		CODE           	157F8	0000	1066

C:\Program Files\Microchip\xc8\v2.46\pic\sources\c99\common\sprcmul.c estimated size: 1066

C:\Program Files\Microchip\xc8\v2.46\pic\sources\c99\common\strcpy.c
		_strcpy        		CODE           	1D1D8	0000	60

C:\Program Files\Microchip\xc8\v2.46\pic\sources\c99\common\strcpy.c estimated size: 60

C:\Program Files\Microchip\xc8\v2.46\pic\sources\c99\common\memset.c
		_memset        		CODE           	1D24C	0000	56

C:\Program Files\Microchip\xc8\v2.46\pic\sources\c99\common\memset.c estimated size: 56

C:\Program Files\Microchip\xc8\v2.46\pic\sources\c99\common\sprcdiv.c
		___fldiv       		CODE           	1600E	0000	922

C:\Program Files\Microchip\xc8\v2.46\pic\sources\c99\common\sprcdiv.c estimated size: 922

../fatfs/ff.c
		_clst2sect     		CODE           	1BC50	0000	204
		_find_volume   		CODE           	188FC	0000	500
		_dir_clear     		CODE           	1A624	0000	352
		_ld_dword      		CODE           	1C0EE	0000	184
		_remove_chain  		CODE           	17C64	0000	562
		_f_mount       		CODE           	1B296	0000	250
		_get_fat       		CODE           	15C22	0000	1004
		_st_word       		CODE           	1D3B2	0000	40
		_get_ldnumber  		CODE           	19578	0000	414
		_st_clust      		CODE           	1CF68	0000	76
		_create_name   		CODE           	163A8	0000	918
		_create_chain  		CODE           	13B86	0000	1456
		_dbc_1st       		CODE           	1C4EE	0000	156
		_f_lseek       		CODE           	11DB2	0000	2062
		_validate      		CODE           	1B096	0000	258
		_check_fs      		CODE           	17176	0000	748
		_f_sync        		CODE           	17E96	0000	546
		_get_fileinfo  		CODE           	18704	0000	504
		_dir_read      		CODE           	19234	0000	420
		_st_dword      		CODE           	1CB3E	0000	108
		_f_write       		CODE           	1152A	0000	2184
		_dir_alloc     		CODE           	1A8E2	0000	334
		_f_opendir     		CODE           	1A05C	0000	382
		_put_fat       		CODE           	14136	0000	1260
		_f_readdir     		CODE           	1B740	0000	230
		_sync_fs       		CODE           	180B8	0000	542
		_dir_next      		CODE           	153CE	0000	1066
		_sync_window   		CODE           	18EB8	0000	456
		_dir_register  		CODE           	1B826	0000	226
		_ld_word       		CODE           	1D2BC	0000	56
		_dir_find      		CODE           	19ED8	0000	388
		_f_open        		CODE           	125C0	0000	1920
		_f_read        		CODE           	13466	0000	1824
		_f_close       		CODE           	1CCCC	0000	88
		_dir_sdi       		CODE           	1673E	0000	906
		_follow_path   		CODE           	182D6	0000	540
		_f_closedir    		CODE           	1D214	0000	56
		_dbc_2nd       		CODE           	1B908	0000	224
		_ld_clust      		CODE           	1C8D6	0000	128
		_move_window   		CODE           	1BB84	0000	204
		_mount_volume  		CODE           	10000	0000	2756

../fatfs/ff.c estimated size: 26532

../drivers/utils.c
		_util_addrdump 		CODE           	1A1DA	0000	372
		_util_hexdump  		CODE           	1A4C0	0000	356
		_util_hexdump_sum		CODE           	1C74A	0000	132

../drivers/utils.c estimated size: 860

C:\Program Files\Microchip\xc8\v2.46\pic\sources\c99\common\fleq.c
		___fleq        		CODE           	1C25C	0000	170

C:\Program Files\Microchip\xc8\v2.46\pic\sources\c99\common\fleq.c estimated size: 170

../src/memtst.c
		_mem_init      		CODE           	179E4	0000	640

../src/memtst.c estimated size: 640

C:\Program Files\Microchip\xc8\v2.46\pic\sources\c99\common\doprnt.c
		_read_prec_or_width		CODE           	1BAB6	0000	206
		_vfpfcnvrt     		CODE           	12D40	0000	1830
		_efgtoa        		CODE           	10AC4	0000	2662
		_pad           		CODE           	1C450	0000	158
		_ctoa          		CODE           	1BD1C	0000	202
		_dtoa          		CODE           	18CD6	0000	482
		_vfprintf      		CODE           	1CD24	0000	86
		_stoa          		CODE           	193D8	0000	416
		_xtoa          		CODE           	19D4E	0000	394

C:\Program Files\Microchip\xc8\v2.46\pic\sources\c99\common\doprnt.c estimated size: 6436

C:\Program Files\Microchip\xc8\v2.46\pic\sources\c99\common\nf_sprintf.c
		_sprintf       		CODE           	1CEC8	0000	80

C:\Program Files\Microchip\xc8\v2.46\pic\sources\c99\common\nf_sprintf.c estimated size: 80

shared
		_mtod          		MEDIUMCONST    	F731	0000	24
		_DbcTbl        		MEDIUMCONST    	F749	0000	10
		__initialization		CODE           	1C58A	0000	148

shared estimated size: 182

C:\Program Files\Microchip\xc8\v2.46\pic\sources\c99\common\__lldiv.c
		___lldiv       		CODE           	1C3AC	0000	164

C:\Program Files\Microchip\xc8\v2.46\pic\sources\c99\common\__lldiv.c estimated size: 164

C:\Program Files\Microchip\xc8\v2.46\pic\sources\c99\common\Umul16.c
		___wmul        		CODE           	1D402	0000	38

C:\Program Files\Microchip\xc8\v2.46\pic\sources\c99\common\Umul16.c estimated size: 38

../src/boards/m68k8_cmn.c
		_putch         		CODE           	1D4E6	0000	22
		_devio_init    		CODE           	1D4B0	0000	30
		_write_sram    		CODE           	1C034	0000	186
		_URT3Rx_ISR    		CODE           	1D08C	0000	70
		_read_sram     		CODE           	1BF74	0000	192
		_mez88_common_start_M68K		CODE           	1D4FC	0000	20
		_emu88_common_wait_for_programmer		CODE           	1CE24	0000	82
		_m68k8_common_sys_init		CODE           	1C956	0000	124
		_getch         		CODE           	1CFB4	0000	74
		_Default_ISR   		CODE           	1D588	0000	2

../src/boards/m68k8_cmn.c estimated size: 802

C:\Program Files\Microchip\xc8\v2.46\pic\sources\c99\common\nf_fputs.c
		_fputs         		CODE           	1D0D2	0000	68

C:\Program Files\Microchip\xc8\v2.46\pic\sources\c99\common\nf_fputs.c estimated size: 68

C:\Program Files\Microchip\xc8\v2.46\pic\sources\c99\common\sprcadd.c
		___flsub       		CODE           	1CFFE	0000	70
		___fladd       		CODE           	14622	0000	1216

C:\Program Files\Microchip\xc8\v2.46\pic\sources\c99\common\sprcadd.c estimated size: 1286

C:\Program Files\Microchip\xc8\v2.46\pic\sources\c99\common\memcmp.c
		_memcmp        		CODE           	1B9E8	0000	206

C:\Program Files\Microchip\xc8\v2.46\pic\sources\c99\common\memcmp.c estimated size: 206

../src/mez68k8_main.c
		_main          		CODE           	17736	0000	686
		_open_dskimg   		CODE           	1A34E	0000	370
		_chk_dsk       		CODE           	1B390	0000	244
		_setup_cpm     		CODE           	1B65A	0000	230
		_disk_init     		CODE           	1CE76	0000	82
		_load_program  		CODE           	19A36	0000	396

../src/mez68k8_main.c estimated size: 2008

C:\Program Files\Microchip\xc8\v2.46\pic\sources\c99\common\memcpy.c
		_memcpy        		CODE           	1CF18	0000	80

C:\Program Files\Microchip\xc8\v2.46\pic\sources\c99\common\memcpy.c estimated size: 80

C:\Program Files\Microchip\xc8\v2.46\pic\sources\c99\common\labs.c
		_labs          		CODE           	1CD7A	0000	86

C:\Program Files\Microchip\xc8\v2.46\pic\sources\c99\common\labs.c estimated size: 86

C:\Program Files\Microchip\xc8\v2.46\pic\sources\c99\common\abs.c
		_abs           		CODE           	1D2F4	0000	52

C:\Program Files\Microchip\xc8\v2.46\pic\sources\c99\common\abs.c estimated size: 52

C:\Program Files\Microchip\xc8\v2.46\pic\sources\c99\common\almod.c
		___almod       		CODE           	1B484	0000	236

C:\Program Files\Microchip\xc8\v2.46\pic\sources\c99\common\almod.c estimated size: 236

C:\Program Files\Microchip\xc8\v2.46\pic\sources\c99\common\Umul32.c
		___lmul        		CODE           	1CBAA	0000	106

C:\Program Files\Microchip\xc8\v2.46\pic\sources\c99\common\Umul32.c estimated size: 106

C:\Program Files\Microchip\xc8\v2.46\pic\sources\c99\common\flge.c
		___flge        		CODE           	1AE90	0000	260

C:\Program Files\Microchip\xc8\v2.46\pic\sources\c99\common\flge.c estimated size: 260

